Test V65 Required
States 1
[y]=1;
Ok
Witnesses
Positive: 1 Negative: 0
Condition forall ([y]=1)
Observation V65 Always 1 0
Hash=7b6eb8f377ec0aaadc98fc925703166f

