Test V70 Required
States 1
0:X2=1;
Ok
Witnesses
Positive: 1 Negative: 0
Condition forall (0:X2=1)
Observation V70 Always 1 0
Hash=0e93be9471bfe31656ec91878a8f2670

