Test B010 Required
States 1
  ~Fault(P0,x);
Ok
Witnesses
Positive: 1 Negative: 0
Condition forall (not (fault(P0,x)))
Observation B010 Always 1 0
Hash=683370b37c1159c10a7517d849f3c051

