Test B012 Required
States 1
  ~Fault(P0,x);
Ok
Witnesses
Positive: 1 Negative: 0
Condition forall (not (fault(P0,x)))
Observation B012 Always 1 0
Hash=373fea60dc2524676ae0d6095296613a

