Test S+dmb.sytt+addrpt Allowed
States 4
1:X1=0; [tag(x)]=:blue;  ~Fault(P1,y);
1:X1=0; [tag(x)]=:blue; Fault(P1,y:red,TagCheck);
1:X1=0; [tag(x)]=:red;  ~Fault(P1,y);
1:X1=0; [tag(x)]=:red; Fault(P1,y:red,TagCheck);
Ok
Witnesses
Positive: 1 Negative: 3
Condition exists (1:X1=0 /\ [tag(x)]=:blue /\ not (fault(P1,y)))
Observation S+dmb.sytt+addrpt Sometimes 1 3
Hash=e590f3a6e742d25cc38d360f8014889e

