Test A19 Required
States 1
0:X0=2;
Ok
Witnesses
Positive: 1 Negative: 0
Condition forall (0:X0=2)
Observation A19 Always 1 0
Hash=137ab50692552983823fd94b6906256f

