Test ADD02 Required
States 1
0:X2=4294967295;
Ok
Witnesses
Positive: 1 Negative: 0
Condition forall (0:X2=4294967295)
Observation ADD02 Always 1 0
Hash=502f00a12d9a45353343894fb2a98845

