Test LDAR Required
States 1
0:X0=15;
Ok
Witnesses
Positive: 1 Negative: 0
Condition forall (0:X0=15)
Observation LDAR Always 1 0
Hash=d7d4643d35c3d4f4f785e8c6946462c5

