Test MP01 Allowed
States 4
0:X1=0; 0:X3=0;
0:X1=0; 0:X3=1;
0:X1=1; 0:X3=0;
0:X1=1; 0:X3=1;
Ok
Witnesses
Positive: 1 Negative: 3
Condition exists (0:X1=1 /\ 0:X3=0)
Observation MP01 Sometimes 1 3
Hash=f6e8d163288dce9e9b25d40d69f01a3c

