Test assign3 Required
States 1
0:main.0.al=1; 0:main.0.eq=1; 0:main.0.lt=1; 0:main.0.ne=1;
Ok
Witnesses
Positive: 1 Negative: 0
Condition forall (0:main.0.eq=1 /\ 0:main.0.ne=1 /\ 0:main.0.lt=1 /\ 0:main.0.al=1)
Observation assign3 Always 1 0
Hash=e3afb7916113d1e03a24fc4b6a2f82d0

