Test no Required
States 1

Ok
Witnesses
Positive: 1 Negative: 0
Condition forall (true)
Observation no Always 1 0
Hash=cfeb7ae07276d6e8a04733aa33876374

