Test func1 Required
States 1
0:main.0.x=3; 0:main.0.y=3;
Ok
Witnesses
Positive: 1 Negative: 0
Condition forall (0:main.0.x=3 /\ 0:main.0.y=3)
Observation func1 Always 1 0
Hash=d9f68b63dd785d263d825c3b7f1144b0

