Test func3 Required
States 1
0:main.0.a=3; 0:main.0.b=3; 0:main.0.c=7; 0:f3_storage=12; 0:f4_storage=15;
Ok
Witnesses
Positive: 1 Negative: 0
Condition forall (0:main.0.a=3 /\ 0:main.0.b=3 /\ 0:main.0.c=7 /\ 0:f3_storage=12 /\ 0:f4_storage=15)
Observation func3 Always 1 0
Hash=30075d488e0fe6c178d31ab2f1a840f3

