Test while2 Required
States 1
0:main.0.x=2; 0:main.0.z=0;
Ok
Witnesses
Positive: 1 Negative: 0
Condition forall (0:main.0.z=0 /\ 0:main.0.x=2)
Observation while2 Always 1 0
Hash=8a1dc35e9dc21b64f3d9dda4437921f4

