Test try-non-deterministic Required
States 2
0:main.0.x=1;
0:main.0.x=3;
Ok
Witnesses
Positive: 2 Negative: 0
Condition forall (true)
Observation try-non-deterministic Always 2 0
Hash=ea469dbb8061f4b61fa91067fd3870c6

